../Core/Src/lcd_hd44780.c:7:13:LCD_EnablePulse	8	static
../Core/Src/lcd_hd44780.c:14:13:LCD_Write8Bits	16	static
../Core/Src/lcd_hd44780.c:26:13:LCD_Send	16	static
../Core/Src/lcd_hd44780.c:31:6:LCD_SendCommand	16	static
../Core/Src/lcd_hd44780.c:35:6:LCD_SendData	16	static
../Core/Src/lcd_hd44780.c:39:6:LCD_Clear	8	static
../Core/Src/lcd_hd44780.c:44:6:LCD_SetCursor	24	static
../Core/Src/lcd_hd44780.c:49:6:LCD_SendString	16	static
../Core/Src/lcd_hd44780.c:55:6:LCD_Init	8	static
../Core/Src/lcd_hd44780.c:80:6:LCD_CreateChar	24	static
../Core/Src/lcd_hd44780.c:161:6:LCD_DrawFace	16	static
