../Core/Src/main.c:181:6:play_note	32	static
../Core/Src/main.c:204:6:play_melody	24	static
../Core/Src/main.c:214:6:dzidaDoPrzodu	8	static
../Core/Src/main.c:224:6:doTylu	8	static
../Core/Src/main.c:234:6:skretWLewo	8	static
../Core/Src/main.c:244:6:skretWPrawo	8	static
../Core/Src/main.c:254:6:stop	8	static
../Core/Src/main.c:264:6:lewy90	8	static
../Core/Src/main.c:274:6:prawy90	8	static
../Core/Src/main.c:284:6:searchLine	24	static
../Core/Src/main.c:310:6:HAL_GPIO_EXTI_Callback	24	static
../Core/Src/main.c:364:10:decode_nec	32	static
../Core/Src/main.c:404:5:main	480	static
../Core/Src/main.c:776:6:SystemClock_Config	88	static
../Core/Src/main.c:817:13:MX_TIM2_Init	64	static
../Core/Src/main.c:876:13:MX_TIM3_Init	32	static
../Core/Src/main.c:917:13:MX_TIM4_Init	64	static
../Core/Src/main.c:975:13:MX_GPIO_Init	40	static
../Core/Src/main.c:1053:6:Error_Handler	8	static,ignoring_inline_asm
