../Core/Src/main.c:137:6:dzidaDoPrzodu	16	static
../Core/Src/main.c:140:6:powoli	16	static
../Core/Src/main.c:143:6:skretWLewo	16	static
../Core/Src/main.c:147:6:skretWPrawo	16	static
../Core/Src/main.c:158:6:HAL_GPIO_EXTI_Callback	24	static
../Core/Src/main.c:190:10:decode_nec_ir	32	static
../Core/Src/main.c:223:6:motors_forward	16	static
../Core/Src/main.c:234:6:motors_backward	16	static
../Core/Src/main.c:246:6:motors_turn_left	16	static
../Core/Src/main.c:257:6:motors_turn_right	16	static
../Core/Src/main.c:269:6:motors_pivot_left	16	static
../Core/Src/main.c:284:6:motors_pivot_right	16	static
../Core/Src/main.c:299:6:motors_stop	8	static
../Core/Src/main.c:310:6:search_line_robot	16	static
../Core/Src/main.c:321:6:process_ir_command	48	static
../Core/Src/main.c:385:5:main	32	static
../Core/Src/main.c:526:6:SystemClock_Config	112	static
../Core/Src/main.c:582:13:MX_TIM2_Init	48	static
../Core/Src/main.c:634:13:MX_TIM_IR_Init	32	static
../Core/Src/main.c:681:13:MX_GPIO_Init	48	static
../Core/Src/main.c:769:6:Error_Handler	8	static,ignoring_inline_asm
